// Jest Snapshot v1, https://goo.gl/fbAQLP

exports[`App should be rendered and it should match the expected snapshot 1`] = `
<div
  className="app-container"
>
  <nav
    className="navbar navbar-expand-lg navbar-dark bg-dark"
  >
    <span
      className="navbar-brand mb-0 h1"
    >
      Star Wars Characters
    </span>
    <form
      className="form-inline"
      onSubmit={[Function]}
    >
      <input
        aria-label="Search"
        className="form-control mr-sm-2"
        onChange={[Function]}
        placeholder="Search"
        type="search"
        value=""
      />
      <button
        className="btn btn-secondary my-2 my-sm-0"
        type="submit"
      >
        Search
      </button>
    </form>
  </nav>
  <div
    className="p-2"
  >
    <span
      className="font-italic"
    >
      No characters found.
    </span>
     
    <span
      aria-label="doh!"
      role="img"
    >
      😓
    </span>
  </div>
  <div>
    <div
      aria-hidden={true}
      className="modal fade"
      onClick={[Function]}
      role="dialog"
      style={
        Object {
          "display": "none",
          "zIndex": 1041,
        }
      }
      tabIndex="-1"
    >
      <div
        className="modal-dialog modal-dialog modal-dialog-centered modal-lg"
        onClick={[Function]}
        role="document"
      >
        <div
          className="modal-content"
        >
          <div
            className="modal-header bg-dark text-white"
          >
            <h5
              className="modal-title"
            >
              
            </h5>
            <button
              aria-label="Close"
              className="close text-white"
              data-dismiss="modal"
              onClick={[Function]}
              type="button"
            >
              <span
                aria-hidden="true"
              >
                ×
              </span>
            </button>
          </div>
          <div
            className="modal-body"
          >
            
          </div>
          <div
            className="modal-footer"
          >
            <button
              className="btn btn-secondary"
              onClick={[Function]}
              type="button"
            >
              Close
            </button>
          </div>
        </div>
      </div>
    </div>
  </div>
</div>
`;
